// Jest Snapshot v1, https://goo.gl/fbAQLP

exports[`Prueba de renderizado index Debe mostrar correctamente <GifExpertApp /> 1`] = `
<Fragment>
  <h2>
    GifExpertApp
  </h2>
  <AddCategory
    setCategories={[Function]}
  />
  <hr />
  <ol>
    <GifGrid
      category="Halo"
      key="Halo"
    />
  </ol>
</Fragment>
`;
